Calculating task graph as no cached configuration is available for tasks: assembleDebug .injected.invoked.from.ide=true

[Incubating] Problems report is available at: file:///C:/Users/edwar/MultiAppShare-/build/reports/problems/problems-report.html

FAILURE: Build failed with an exception.

* What went wrong:
Task '.injected.invoked.from.ide=true' not found in root project 'Multi App Share' and its subprojects.

* Try:
> Run gradlew tasks to get a list of available tasks.
> For more on name expansion, please refer to https://docs.gradle.org/9.3.1/userguide/command_line_interface.html#sec:name_abbreviation in the Gradle documentation.
> Run with --stacktrace option to get the stack trace.
> Run with --info or --debug option to get more log output.
> Run with --scan to get full insights from a Build Scan (powered by Develocity).
> Get more help at https://help.gradle.org.

Deprecated Gradle features were used in this build, making it incompatible with Gradle 10.

You can use '--warning-mode all' to show the individual deprecation warnings and determine if they come from your own scripts or plugins.

For more on this, please refer to https://docs.gradle.org/9.3.1/userguide/command_line_interface.html#sec:command_line_warnings in the Gradle documentation.

BUILD FAILED in 2s
Configuration cache entry stored.
